---
source: ffxiv-tracker/src/profile.rs
expression: "Profile::parse(profile.id, profile_html, jobs_html)?"
---
Profile {
    user_id: 12933634,
    free_company: None,
    name: "A' A'",
    nameday: "32nd Sun of the 6th Umbral Moon",
    guardian: "Azeyma, the Warden",
    city_state: "Limsa Lominsa",
    server: "Anima [Mana]",
    race: "Au Ra",
    clan: "Raen",
    gender: "â™€",
    grand_company: None,
    grand_company_rank: None,
    hp: 87,
    mp: 53,
    jobs: PlayerJobSnapshot(
        {
            Paladin: JobSnapshot {
                job: Paladin,
                level: None,
                exp: None,
            },
            Warrior: JobSnapshot {
                job: Warrior,
                level: None,
                exp: None,
            },
            DarkKnight: JobSnapshot {
                job: DarkKnight,
                level: None,
                exp: None,
            },
            Gunbreaker: JobSnapshot {
                job: Gunbreaker,
                level: None,
                exp: None,
            },
            WhiteMage: JobSnapshot {
                job: WhiteMage,
                level: None,
                exp: None,
            },
            Scholar: JobSnapshot {
                job: Scholar,
                level: None,
                exp: None,
            },
            Astrologian: JobSnapshot {
                job: Astrologian,
                level: None,
                exp: None,
            },
            Sage: JobSnapshot {
                job: Sage,
                level: None,
                exp: None,
            },
            Monk: JobSnapshot {
                job: Monk,
                level: None,
                exp: None,
            },
            Dragoon: JobSnapshot {
                job: Dragoon,
                level: None,
                exp: None,
            },
            Ninja: JobSnapshot {
                job: Ninja,
                level: Some(
                    4,
                ),
                exp: None,
            },
            Samurai: JobSnapshot {
                job: Samurai,
                level: None,
                exp: None,
            },
            Reaper: JobSnapshot {
                job: Reaper,
                level: None,
                exp: None,
            },
            Bard: JobSnapshot {
                job: Bard,
                level: None,
                exp: None,
            },
            Machinist: JobSnapshot {
                job: Machinist,
                level: None,
                exp: None,
            },
            Dancer: JobSnapshot {
                job: Dancer,
                level: None,
                exp: None,
            },
            BlackMage: JobSnapshot {
                job: BlackMage,
                level: None,
                exp: None,
            },
            Summoner: JobSnapshot {
                job: Summoner,
                level: Some(
                    10,
                ),
                exp: None,
            },
            RedMage: JobSnapshot {
                job: RedMage,
                level: None,
                exp: None,
            },
            BlueMage: JobSnapshot {
                job: BlueMage,
                level: None,
                exp: None,
            },
            Carpenter: JobSnapshot {
                job: Carpenter,
                level: None,
                exp: None,
            },
            Armorer: JobSnapshot {
                job: Armorer,
                level: None,
                exp: None,
            },
            Blacksmith: JobSnapshot {
                job: Blacksmith,
                level: None,
                exp: None,
            },
            Goldsmith: JobSnapshot {
                job: Goldsmith,
                level: None,
                exp: None,
            },
            Leatherworker: JobSnapshot {
                job: Leatherworker,
                level: None,
                exp: None,
            },
            Weaver: JobSnapshot {
                job: Weaver,
                level: None,
                exp: None,
            },
            Alchemist: JobSnapshot {
                job: Alchemist,
                level: None,
                exp: None,
            },
            Culinarian: JobSnapshot {
                job: Culinarian,
                level: None,
                exp: None,
            },
            Miner: JobSnapshot {
                job: Miner,
                level: None,
                exp: None,
            },
            Botanist: JobSnapshot {
                job: Botanist,
                level: None,
                exp: None,
            },
            Fisher: JobSnapshot {
                job: Fisher,
                level: None,
                exp: None,
            },
        },
    ),
}
