---
source: ffxiv-tracker/src/profile.rs
expression: "Profile::parse(profile.id, profile_html, jobs_html)?"
---
Profile {
    user_id: 38598907,
    free_company: Some(
        "Phoenix Crusaders",
    ),
    name: "Yov Ziv",
    nameday: "6th Sun of the 2nd Umbral Moon",
    guardian: "Azeyma, the Warden",
    city_state: "Gridania",
    server: "Exodus [Primal]",
    race: "Viera",
    clan: "Veena",
    gender: "â™€",
    grand_company: Some(
        "Maelstrom",
    ),
    grand_company_rank: Some(
        "Storm Captain",
    ),
    hp: 113363,
    mp: 10000,
    jobs: PlayerJobSnapshot(
        {
            Paladin: JobSnapshot {
                job: Paladin,
                level: Some(
                    90,
                ),
                exp: Some(
                    (
                        0,
                        13278000,
                    ),
                ),
            },
            Warrior: JobSnapshot {
                job: Warrior,
                level: Some(
                    90,
                ),
                exp: Some(
                    (
                        0,
                        13278000,
                    ),
                ),
            },
            DarkKnight: JobSnapshot {
                job: DarkKnight,
                level: Some(
                    90,
                ),
                exp: Some(
                    (
                        0,
                        13278000,
                    ),
                ),
            },
            Gunbreaker: JobSnapshot {
                job: Gunbreaker,
                level: Some(
                    90,
                ),
                exp: Some(
                    (
                        0,
                        13278000,
                    ),
                ),
            },
            WhiteMage: JobSnapshot {
                job: WhiteMage,
                level: Some(
                    90,
                ),
                exp: Some(
                    (
                        0,
                        13278000,
                    ),
                ),
            },
            Scholar: JobSnapshot {
                job: Scholar,
                level: Some(
                    90,
                ),
                exp: Some(
                    (
                        0,
                        13278000,
                    ),
                ),
            },
            Astrologian: JobSnapshot {
                job: Astrologian,
                level: Some(
                    90,
                ),
                exp: Some(
                    (
                        0,
                        13278000,
                    ),
                ),
            },
            Sage: JobSnapshot {
                job: Sage,
                level: Some(
                    90,
                ),
                exp: Some(
                    (
                        0,
                        13278000,
                    ),
                ),
            },
            Monk: JobSnapshot {
                job: Monk,
                level: Some(
                    71,
                ),
                exp: Some(
                    (
                        2047229,
                        3018000,
                    ),
                ),
            },
            Dragoon: JobSnapshot {
                job: Dragoon,
                level: Some(
                    55,
                ),
                exp: Some(
                    (
                        19354,
                        837000,
                    ),
                ),
            },
            Ninja: JobSnapshot {
                job: Ninja,
                level: Some(
                    60,
                ),
                exp: Some(
                    (
                        871126,
                        1387000,
                    ),
                ),
            },
            Samurai: JobSnapshot {
                job: Samurai,
                level: Some(
                    66,
                ),
                exp: Some(
                    (
                        1949350,
                        1968000,
                    ),
                ),
            },
            Reaper: JobSnapshot {
                job: Reaper,
                level: Some(
                    71,
                ),
                exp: Some(
                    (
                        1296273,
                        3018000,
                    ),
                ),
            },
            Viper: JobSnapshot {
                job: Viper,
                level: None,
                exp: None,
            },
            Bard: JobSnapshot {
                job: Bard,
                level: Some(
                    50,
                ),
                exp: Some(
                    (
                        105555,
                        421000,
                    ),
                ),
            },
            Machinist: JobSnapshot {
                job: Machinist,
                level: Some(
                    50,
                ),
                exp: Some(
                    (
                        173891,
                        421000,
                    ),
                ),
            },
            Dancer: JobSnapshot {
                job: Dancer,
                level: Some(
                    90,
                ),
                exp: Some(
                    (
                        0,
                        13278000,
                    ),
                ),
            },
            BlackMage: JobSnapshot {
                job: BlackMage,
                level: Some(
                    90,
                ),
                exp: Some(
                    (
                        0,
                        13278000,
                    ),
                ),
            },
            Summoner: JobSnapshot {
                job: Summoner,
                level: Some(
                    90,
                ),
                exp: Some(
                    (
                        0,
                        13278000,
                    ),
                ),
            },
            RedMage: JobSnapshot {
                job: RedMage,
                level: Some(
                    60,
                ),
                exp: Some(
                    (
                        432425,
                        1387000,
                    ),
                ),
            },
            Pictomancer: JobSnapshot {
                job: Pictomancer,
                level: None,
                exp: None,
            },
            BlueMage: JobSnapshot {
                job: BlueMage,
                level: Some(
                    61,
                ),
                exp: Some(
                    (
                        1082360,
                        1456000,
                    ),
                ),
            },
            Carpenter: JobSnapshot {
                job: Carpenter,
                level: Some(
                    77,
                ),
                exp: Some(
                    (
                        981317,
                        4377000,
                    ),
                ),
            },
            Armorer: JobSnapshot {
                job: Armorer,
                level: Some(
                    68,
                ),
                exp: Some(
                    (
                        1727468,
                        2317000,
                    ),
                ),
            },
            Blacksmith: JobSnapshot {
                job: Blacksmith,
                level: Some(
                    74,
                ),
                exp: Some(
                    (
                        2571149,
                        3532000,
                    ),
                ),
            },
            Goldsmith: JobSnapshot {
                job: Goldsmith,
                level: Some(
                    72,
                ),
                exp: Some(
                    (
                        1898768,
                        3153000,
                    ),
                ),
            },
            Leatherworker: JobSnapshot {
                job: Leatherworker,
                level: Some(
                    78,
                ),
                exp: Some(
                    (
                        1392265,
                        4777000,
                    ),
                ),
            },
            Weaver: JobSnapshot {
                job: Weaver,
                level: Some(
                    73,
                ),
                exp: Some(
                    (
                        2476633,
                        3324000,
                    ),
                ),
            },
            Alchemist: JobSnapshot {
                job: Alchemist,
                level: Some(
                    67,
                ),
                exp: Some(
                    (
                        914836,
                        2126000,
                    ),
                ),
            },
            Culinarian: JobSnapshot {
                job: Culinarian,
                level: Some(
                    90,
                ),
                exp: Some(
                    (
                        0,
                        13278000,
                    ),
                ),
            },
            Miner: JobSnapshot {
                job: Miner,
                level: Some(
                    87,
                ),
                exp: Some(
                    (
                        1539855,
                        9529000,
                    ),
                ),
            },
            Botanist: JobSnapshot {
                job: Botanist,
                level: Some(
                    90,
                ),
                exp: Some(
                    (
                        0,
                        13278000,
                    ),
                ),
            },
            Fisher: JobSnapshot {
                job: Fisher,
                level: Some(
                    75,
                ),
                exp: Some(
                    (
                        857296,
                        3770600,
                    ),
                ),
            },
        },
    ),
}
